------------------------------------------------------------
Timing Analyzer Summary
------------------------------------------------------------

Type  : Slow 1200mV 85C Model Setup 'CLK'
Slack : -0.812
TNS   : -0.812

Type  : Slow 1200mV 85C Model Setup 'inst3'
Slack : -0.564
TNS   : -0.564

Type  : Slow 1200mV 85C Model Setup 'inst2'
Slack : -0.541
TNS   : -0.541

Type  : Slow 1200mV 85C Model Setup 'inst1'
Slack : 0.298
TNS   : 0.000

Type  : Slow 1200mV 85C Model Hold 'inst1'
Slack : 0.393
TNS   : 0.000

Type  : Slow 1200mV 85C Model Hold 'inst3'
Slack : 0.625
TNS   : 0.000

Type  : Slow 1200mV 85C Model Hold 'inst2'
Slack : 0.755
TNS   : 0.000

Type  : Slow 1200mV 85C Model Hold 'CLK'
Slack : 0.795
TNS   : 0.000

Type  : Slow 1200mV 85C Model Minimum Pulse Width 'CLK'
Slack : -3.000
TNS   : -4.403

Type  : Slow 1200mV 85C Model Minimum Pulse Width 'inst1'
Slack : -1.403
TNS   : -1.403

Type  : Slow 1200mV 85C Model Minimum Pulse Width 'inst2'
Slack : -1.403
TNS   : -1.403

Type  : Slow 1200mV 85C Model Minimum Pulse Width 'inst3'
Slack : -1.403
TNS   : -1.403

Type  : Slow 1200mV 0C Model Setup 'CLK'
Slack : -0.621
TNS   : -0.621

Type  : Slow 1200mV 0C Model Setup 'inst3'
Slack : -0.484
TNS   : -0.484

Type  : Slow 1200mV 0C Model Setup 'inst2'
Slack : -0.472
TNS   : -0.472

Type  : Slow 1200mV 0C Model Setup 'inst1'
Slack : 0.361
TNS   : 0.000

Type  : Slow 1200mV 0C Model Hold 'inst1'
Slack : 0.354
TNS   : 0.000

Type  : Slow 1200mV 0C Model Hold 'inst3'
Slack : 0.583
TNS   : 0.000

Type  : Slow 1200mV 0C Model Hold 'CLK'
Slack : 0.624
TNS   : 0.000

Type  : Slow 1200mV 0C Model Hold 'inst2'
Slack : 0.715
TNS   : 0.000

Type  : Slow 1200mV 0C Model Minimum Pulse Width 'CLK'
Slack : -3.000
TNS   : -4.403

Type  : Slow 1200mV 0C Model Minimum Pulse Width 'inst1'
Slack : -1.403
TNS   : -1.403

Type  : Slow 1200mV 0C Model Minimum Pulse Width 'inst2'
Slack : -1.403
TNS   : -1.403

Type  : Slow 1200mV 0C Model Minimum Pulse Width 'inst3'
Slack : -1.403
TNS   : -1.403

Type  : Fast 1200mV 0C Model Setup 'CLK'
Slack : -0.172
TNS   : -0.172

Type  : Fast 1200mV 0C Model Setup 'inst3'
Slack : 0.114
TNS   : 0.000

Type  : Fast 1200mV 0C Model Setup 'inst2'
Slack : 0.141
TNS   : 0.000

Type  : Fast 1200mV 0C Model Setup 'inst1'
Slack : 0.693
TNS   : 0.000

Type  : Fast 1200mV 0C Model Hold 'inst1'
Slack : 0.169
TNS   : 0.000

Type  : Fast 1200mV 0C Model Hold 'inst3'
Slack : 0.205
TNS   : 0.000

Type  : Fast 1200mV 0C Model Hold 'inst2'
Slack : 0.234
TNS   : 0.000

Type  : Fast 1200mV 0C Model Hold 'CLK'
Slack : 0.440
TNS   : 0.000

Type  : Fast 1200mV 0C Model Minimum Pulse Width 'CLK'
Slack : -3.000
TNS   : -4.073

Type  : Fast 1200mV 0C Model Minimum Pulse Width 'inst1'
Slack : -1.000
TNS   : -1.000

Type  : Fast 1200mV 0C Model Minimum Pulse Width 'inst2'
Slack : -1.000
TNS   : -1.000

Type  : Fast 1200mV 0C Model Minimum Pulse Width 'inst3'
Slack : -1.000
TNS   : -1.000

------------------------------------------------------------
