------------------------------------------------------------
Timing Analyzer Summary
------------------------------------------------------------

Type  : Slow 1200mV 85C Model Setup 'Etapa_unica'
Slack : -12.478
TNS   : -404.110

Type  : Slow 1200mV 85C Model Setup 'ContadorDeProgramas:inst3|inst2'
Slack : -5.812
TNS   : -5.812

Type  : Slow 1200mV 85C Model Setup 'ContadorDeProgramas:inst3|inst3'
Slack : -5.800
TNS   : -5.800

Type  : Slow 1200mV 85C Model Setup 'ContadorDeProgramas:inst3|inst1'
Slack : -5.796
TNS   : -5.796

Type  : Slow 1200mV 85C Model Setup 'Sinal_clock'
Slack : -4.872
TNS   : -4.872

Type  : Slow 1200mV 85C Model Hold 'Sinal_clock'
Slack : 0.378
TNS   : 0.000

Type  : Slow 1200mV 85C Model Hold 'ContadorDeProgramas:inst3|inst1'
Slack : 0.393
TNS   : 0.000

Type  : Slow 1200mV 85C Model Hold 'ContadorDeProgramas:inst3|inst2'
Slack : 0.673
TNS   : 0.000

Type  : Slow 1200mV 85C Model Hold 'Etapa_unica'
Slack : 0.680
TNS   : 0.000

Type  : Slow 1200mV 85C Model Hold 'ContadorDeProgramas:inst3|inst3'
Slack : 0.705
TNS   : 0.000

Type  : Slow 1200mV 85C Model Minimum Pulse Width 'A0'
Slack : -3.000
TNS   : -182.584

Type  : Slow 1200mV 85C Model Minimum Pulse Width 'Etapa_unica'
Slack : -3.000
TNS   : -63.329

Type  : Slow 1200mV 85C Model Minimum Pulse Width 'Sinal_clock'
Slack : -3.000
TNS   : -4.403

Type  : Slow 1200mV 85C Model Minimum Pulse Width 'ContadorDeProgramas:inst3|inst1'
Slack : -1.403
TNS   : -1.403

Type  : Slow 1200mV 85C Model Minimum Pulse Width 'ContadorDeProgramas:inst3|inst2'
Slack : -1.403
TNS   : -1.403

Type  : Slow 1200mV 85C Model Minimum Pulse Width 'ContadorDeProgramas:inst3|inst3'
Slack : -1.403
TNS   : -1.403

Type  : Slow 1200mV 0C Model Setup 'Etapa_unica'
Slack : -11.392
TNS   : -370.442

Type  : Slow 1200mV 0C Model Setup 'ContadorDeProgramas:inst3|inst2'
Slack : -5.403
TNS   : -5.403

Type  : Slow 1200mV 0C Model Setup 'ContadorDeProgramas:inst3|inst1'
Slack : -5.393
TNS   : -5.393

Type  : Slow 1200mV 0C Model Setup 'ContadorDeProgramas:inst3|inst3'
Slack : -5.392
TNS   : -5.392

Type  : Slow 1200mV 0C Model Setup 'Sinal_clock'
Slack : -4.323
TNS   : -4.323

Type  : Slow 1200mV 0C Model Hold 'Sinal_clock'
Slack : 0.339
TNS   : 0.000

Type  : Slow 1200mV 0C Model Hold 'ContadorDeProgramas:inst3|inst1'
Slack : 0.354
TNS   : 0.000

Type  : Slow 1200mV 0C Model Hold 'Etapa_unica'
Slack : 0.628
TNS   : 0.000

Type  : Slow 1200mV 0C Model Hold 'ContadorDeProgramas:inst3|inst2'
Slack : 0.644
TNS   : 0.000

Type  : Slow 1200mV 0C Model Hold 'ContadorDeProgramas:inst3|inst3'
Slack : 0.664
TNS   : 0.000

Type  : Slow 1200mV 0C Model Minimum Pulse Width 'A0'
Slack : -3.000
TNS   : -182.584

Type  : Slow 1200mV 0C Model Minimum Pulse Width 'Etapa_unica'
Slack : -3.000
TNS   : -63.329

Type  : Slow 1200mV 0C Model Minimum Pulse Width 'Sinal_clock'
Slack : -3.000
TNS   : -4.403

Type  : Slow 1200mV 0C Model Minimum Pulse Width 'ContadorDeProgramas:inst3|inst1'
Slack : -1.403
TNS   : -1.403

Type  : Slow 1200mV 0C Model Minimum Pulse Width 'ContadorDeProgramas:inst3|inst2'
Slack : -1.403
TNS   : -1.403

Type  : Slow 1200mV 0C Model Minimum Pulse Width 'ContadorDeProgramas:inst3|inst3'
Slack : -1.403
TNS   : -1.403

Type  : Fast 1200mV 0C Model Setup 'Etapa_unica'
Slack : -5.113
TNS   : -156.372

Type  : Fast 1200mV 0C Model Setup 'Sinal_clock'
Slack : -2.457
TNS   : -2.457

Type  : Fast 1200mV 0C Model Setup 'ContadorDeProgramas:inst3|inst2'
Slack : -2.296
TNS   : -2.296

Type  : Fast 1200mV 0C Model Setup 'ContadorDeProgramas:inst3|inst3'
Slack : -2.291
TNS   : -2.291

Type  : Fast 1200mV 0C Model Setup 'ContadorDeProgramas:inst3|inst1'
Slack : -2.284
TNS   : -2.284

Type  : Fast 1200mV 0C Model Hold 'Etapa_unica'
Slack : 0.011
TNS   : 0.000

Type  : Fast 1200mV 0C Model Hold 'Sinal_clock'
Slack : 0.166
TNS   : 0.000

Type  : Fast 1200mV 0C Model Hold 'ContadorDeProgramas:inst3|inst1'
Slack : 0.169
TNS   : 0.000

Type  : Fast 1200mV 0C Model Hold 'ContadorDeProgramas:inst3|inst2'
Slack : 0.183
TNS   : 0.000

Type  : Fast 1200mV 0C Model Hold 'ContadorDeProgramas:inst3|inst3'
Slack : 0.228
TNS   : 0.000

Type  : Fast 1200mV 0C Model Minimum Pulse Width 'A0'
Slack : -3.000
TNS   : -144.000

Type  : Fast 1200mV 0C Model Minimum Pulse Width 'Etapa_unica'
Slack : -3.000
TNS   : -52.845

Type  : Fast 1200mV 0C Model Minimum Pulse Width 'Sinal_clock'
Slack : -3.000
TNS   : -4.067

Type  : Fast 1200mV 0C Model Minimum Pulse Width 'ContadorDeProgramas:inst3|inst1'
Slack : -1.000
TNS   : -1.000

Type  : Fast 1200mV 0C Model Minimum Pulse Width 'ContadorDeProgramas:inst3|inst2'
Slack : -1.000
TNS   : -1.000

Type  : Fast 1200mV 0C Model Minimum Pulse Width 'ContadorDeProgramas:inst3|inst3'
Slack : -1.000
TNS   : -1.000

------------------------------------------------------------
